
> ground@0.0.0 build
> ng build

[33mΓ¥»[39m Building...
[32mΓ£ö[39m Building...
Application bundle generation failed. [16.643 seconds] - 2026-02-13T06:38:40.027Z

node.exe : [1m[33m[33mΓû▓ 
[43;33m[[43;30mWARNING[43;
33m][0m [1mNG8113: AppInput
ValueAccessorDirective is 
not used within the template 
of App[0m [1m[35m[plugin 
angular-compiler][0m
At 
C:\nvm4w\nodejs\npm.ps1:29 
char:3
+   & $NODE_EXE $NPM_CLI_JS 
$args
+   
~~~~~~~~~~~~~~~~~~~~~~~~~~~~~
    + CategoryInfo           
   : NotSpecified: ([1m[3  
  3m[33mΓ...r-compiler][   
 0m:String) [], RemoteExc    
eption
    + FullyQualifiedErrorId  
   : NativeCommandError
 

    src/app/app.ts:34:59:
[37m      34 Γöé 
...ntAwesomeModule, [32mAppI
nputValueAccessorDirective[3
7m, AppCheckboxVal...
         Γò╡                 
    [32m~~~~~~~~~~~~~~~~~~~~
~~~~~~~~~~[0m


[33mΓû▓ [43;33m[[43;30mWAR
NING[43;33m][0m 
[1mNG8113: AppCheckboxValueA
ccessorDirective is not used 
within the template of 
App[0m [1m[35m[plugin 
angular-compiler][0m

    src/app/app.ts:34:91:
[37m      34 Γöé ...ppInputV
alueAccessorDirective, [32mA
ppCheckboxValueAccessorDirect
ive[37m],
         Γò╡                 
                  [32m~~~~~~
~~~~~~~~~~~~~~~~~~~~~~~~~~~[
0m


[33mΓû▓ [43;33m[[43;30mWAR
NING[43;33m][0m 
[1mNG8113: 
AccordianPlaygroundComponent 
is not used within the 
template of SetAccordianDemoC
omponent[0m 
[1m[35m[plugin 
angular-compiler][0m

    src/app/demos/app-accordi
an/app-accordian-demo.compone
nt.ts:14:4:
[37m      14 Γöé     [32mAc
cordianPlaygroundComponent[3
7m,
         Γò╡     [32m~~~~~~~
~~~~~~~~~~~~~~~~~~~~~[0m


[33mΓû▓ [43;33m[[43;30mWAR
NING[43;33m][0m 
[1mNG8113: 
CodeBlockComponent is not 
used within the template of S
etAccordianDemoComponent[0m 
[1m[35m[plugin 
angular-compiler][0m

    src/app/demos/app-accordi
an/app-accordian-demo.compone
nt.ts:15:4:
[37m      15 Γöé     
[32mCodeBlockComponent[37m,
         Γò╡     
[32m~~~~~~~~~~~~~~~~~~[0m


[33mΓû▓ [43;33m[[43;30mWAR
NING[43;33m][0m 
[1mNG8113: 
DemoTabsComponent is not 
used within the template of S
etAccordianDemoComponent[0m 
[1m[35m[plugin 
angular-compiler][0m

    src/app/demos/app-accordi
an/app-accordian-demo.compone
nt.ts:16:4:
[37m      16 Γöé     
[32mDemoTabsComponent[37m,
         Γò╡     
[32m~~~~~~~~~~~~~~~~~[0m


[33mΓû▓ [43;33m[[43;30mWAR
NING[43;33m][0m 
[1mNG8113: ComponentDocument
ationComponent is not used 
within the template of SetAva
tarGroupDemoComponent[0m 
[1m[35m[plugin 
angular-compiler][0m

    src/app/demos/set-avatar-
group/set-avatar-group-demo.c
omponent.ts:20:4:
[37m      20 Γöé     [32mCo
mponentDocumentationComponent
[37m,
         Γò╡     [32m~~~~~~~
~~~~~~~~~~~~~~~~~~~~~~~~[0m

[39m[22m
[1m[31m[31mX [41;31m[[41
;97mERROR[41;31m][0m 
[1mNG5002: Invalid ICU 
message. Missing '}'.[0m 
[1m[35m[plugin 
angular-compiler][0m

    src/app/demos/app-accordi
an/app-accordian-demo.compone
nt.html:599:195:
[37m      599 Γöé ...> to 
navigate between items, 
[32m<kbd[37m 
style="background: #f1f5f9; 
...
          Γò╡                
                 
[32m~~~~[0m

  Error occurs in the 
template of component 
SetAccordianDemoComponent.

    src/app/demos/app-accordi
an/app-accordian-demo.compone
nt.ts:19:15:
[37m      19 Γöé   
templateUrl: [32m'./app-acco
rdian-demo.component.html'[3
7m,
         Γò╡                
[32m~~~~~~~~~~~~~~~~~~~~~~~~~
~~~~~~~~~~~~[0m


[31mX [41;31m[[41;97mERROR
[41;31m][0m [1mNG5002: 
Unexpected character "EOF" 
(Do you have an unescaped 
"{" in your template? Use 
"{{ '{' }}") to escape 
it.)[0m [1m[35m[plugin 
angular-compiler][0m

    src/app/demos/app-accordi
an/app-accordian-demo.compone
nt.html:626:0:
[37m      626 Γöé [32m[37m
          Γò╡ [32m^[0m

  Error occurs in the 
template of component 
SetAccordianDemoComponent.

    src/app/demos/app-accordi
an/app-accordian-demo.compone
nt.ts:19:15:
[37m      19 Γöé   
templateUrl: [32m'./app-acco
rdian-demo.component.html'[3
7m,
         Γò╡                
[32m~~~~~~~~~~~~~~~~~~~~~~~~~
~~~~~~~~~~~~[0m

[39m[22m
