src/app/app.spec.ts(4,1): error TS2582: Cannot find name 'describe'. Do you need to install type definitions for a test runner? Try `npm i --save-dev @types/jest` or `npm i --save-dev @types/mocha`.
src/app/app.spec.ts(5,3): error TS2304: Cannot find name 'beforeEach'.
src/app/app.spec.ts(11,3): error TS2582: Cannot find name 'it'. Do you need to install type definitions for a test runner? Try `npm i --save-dev @types/jest` or `npm i --save-dev @types/mocha`.
src/app/app.spec.ts(14,5): error TS2304: Cannot find name 'expect'.
src/app/app.spec.ts(17,3): error TS2582: Cannot find name 'it'. Do you need to install type definitions for a test runner? Try `npm i --save-dev @types/jest` or `npm i --save-dev @types/mocha`.
src/app/app.spec.ts(21,5): error TS2304: Cannot find name 'expect'.
src/app/demos/set-label/set-label.spec.ts(5,1): error TS2582: Cannot find name 'describe'. Do you need to install type definitions for a test runner? Try `npm i --save-dev @types/jest` or `npm i --save-dev @types/mocha`.
src/app/demos/set-label/set-label.spec.ts(9,3): error TS2304: Cannot find name 'beforeEach'.
src/app/demos/set-label/set-label.spec.ts(19,3): error TS2582: Cannot find name 'it'. Do you need to install type definitions for a test runner? Try `npm i --save-dev @types/jest` or `npm i --save-dev @types/mocha`.
src/app/demos/set-label/set-label.spec.ts(20,5): error TS2304: Cannot find name 'expect'.
src/app/shared/components/docs-page-layout/docs-page-layout.spec.ts(5,1): error TS2582: Cannot find name 'describe'. Do you need to install type definitions for a test runner? Try `npm i --save-dev @types/jest` or `npm i --save-dev @types/mocha`.
src/app/shared/components/docs-page-layout/docs-page-layout.spec.ts(9,3): error TS2304: Cannot find name 'beforeEach'.
src/app/shared/components/docs-page-layout/docs-page-layout.spec.ts(19,3): error TS2582: Cannot find name 'it'. Do you need to install type definitions for a test runner? Try `npm i --save-dev @types/jest` or `npm i --save-dev @types/mocha`.
src/app/shared/components/docs-page-layout/docs-page-layout.spec.ts(20,5): error TS2304: Cannot find name 'expect'.
